================================================================================
CODEGUARD AI — PHASE 16 OPERATIONAL EVIDENCE ARTIFACT EV-01: CLEAN BUILD
================================================================================
Timestamp: 2026-09-18T13:29:24Z
Host: Windows / PowerShell / Node.js v24.20.0 / Python 3.13.14

1. FRONTEND NEXT.JS 15 STANDALONE PRODUCTION BUILD:
> codeguard-web@0.1.0 build
> next build

   ▲ Next.js 15.5.25

   Creating an optimized production build ...
 ✓ Compiled successfully in 1940ms
   Skipping linting
   Checking validity of types ...
   Collecting page data ...
   Generating static pages (0/11) ...
   Generating static pages (2/11) 
   Generating static pages (5/11) 
   Generating static pages (8/11) 
 ✓ Generating static pages (11/11)
   Finalizing page optimization ...
   Collecting build traces ...

Route (app)                                 Size  First Load JS
┌ ○ /                                      123 B         103 kB
├ ○ /_not-found                            995 B         104 kB
├ ○ /approvals                           4.51 kB         107 kB
├ ○ /audit                               3.65 kB         106 kB
├ ○ /dashboard                           4.32 kB         110 kB
├ ○ /debug                               4.74 kB         107 kB
├ ○ /policies                            3.81 kB         106 kB
├ ○ /pull-requests                       3.83 kB         110 kB
├ ƒ /pull-requests/[id]                  7.45 kB         113 kB
├ ○ /repositories                        3.54 kB         106 kB
└ ƒ /reviews/[jobId]                     7.63 kB         114 kB
+ First Load JS shared by all             103 kB
  ├ chunks/255-37e0f0325134c4d7.js       46.4 kB
  ├ chunks/4bd1b696-c023c6e3521b1417.js  54.2 kB
  └ other shared chunks (total)          1.99 kB

○  (Static)   prerendered as static content
ƒ  (Dynamic)  server-rendered on demand

2. TYPESCRIPT TYPE CHECKING:
> codeguard-web@0.1.0 lint
> tsc --noEmit
Exit Code: 0 (Clean)

3. RUFF LINTING & CODE FORMATTING:
Command: python -m ruff check
Result: All checks passed! (0 errors across all source files)
================================================================================
STATUS: PASS
